[backblue.gif]
[fade.gif]
[index.html]
[premiumtemplatewebsite.com/template/avec/img/logo_white.png]
[premiumtemplatewebsite.com/template/avec/img/portfolio/small/1.jpg]
[premiumtemplatewebsite.com/template/avec/img/portfolio/large/1.jpg]
[premiumtemplatewebsite.com/template/avec/img/portfolio/small/2.jpg]
[premiumtemplatewebsite.com/template/avec/img/portfolio/large/2.jpg]
[premiumtemplatewebsite.com/template/avec/img/portfolio/small/3.jpg]
[premiumtemplatewebsite.com/template/avec/img/portfolio/large/3.jpg]
[premiumtemplatewebsite.com/template/avec/js/jquery.js]
[premiumtemplatewebsite.com/template/avec/js/bootstrap.min.js]
[premiumtemplatewebsite.com/template/avec/js/plugins.min.js]
[premiumtemplatewebsite.com/template/avec/js/main_constellation.js]
[premiumtemplatewebsite.com/template/avec/demo_constellation.html]
[premiumtemplatewebsite.com/template/avec/img/background/sample2.jpg]
[premiumtemplatewebsite.com/template/avec/img/background/sample3.jpg]
[premiumtemplatewebsite.com/template/avec/img/background/sample4.jpg]
[premiumtemplatewebsite.com/template/avec/css/style.css]
[premiumtemplatewebsite.com/template/avec/fonts/glyphicons-halflings-regular.eot]
[premiumtemplatewebsite.com/template/avec/fonts/glyphicons-halflings-regulard41d.eot]
[premiumtemplatewebsite.com/template/avec/fonts/glyphicons-halflings-regular.woff]
[premiumtemplatewebsite.com/template/avec/fonts/glyphicons-halflings-regular.ttf]
[premiumtemplatewebsite.com/template/avec/css/bootstrap.min.css]
[premiumtemplatewebsite.com/template/avec/fonts/fontawesome-webfont93e3.eot]
[premiumtemplatewebsite.com/template/avec/fonts/fontawesome-webfontd41d.eot]
[premiumtemplatewebsite.com/template/avec/fonts/fontawesome-webfont93e3.woff2]
[premiumtemplatewebsite.com/template/avec/fonts/fontawesome-webfont93e3.woff]
[premiumtemplatewebsite.com/template/avec/fonts/fontawesome-webfont93e3.ttf]
[premiumtemplatewebsite.com/template/avec/css/font-awesome.min.css]
[premiumtemplatewebsite.com/template/avec/css/animate.min.css]
[premiumtemplatewebsite.com/template/avec/fonts/Simple-Line-Icons.eot]
[premiumtemplatewebsite.com/template/avec/fonts/Simple-Line-Icons.woff]
[premiumtemplatewebsite.com/template/avec/fonts/Simple-Line-Iconsd41d.eot]
[premiumtemplatewebsite.com/template/avec/fonts/Simple-Line-Icons.ttf]
[premiumtemplatewebsite.com/template/avec/css/simple-line-icons.css]
[premiumtemplatewebsite.com/template/avec/css/photo-swipe/photoswipe.css]
[premiumtemplatewebsite.com/template/avec/css/photo-swipe/default-skin/default-skin.png]
[premiumtemplatewebsite.com/template/avec/css/photo-swipe/default-skin/preloader.gif]
[premiumtemplatewebsite.com/template/avec/css/photo-swipe/default-skin/default-skin.css]
[premiumtemplatewebsite.com/template/avec/img/grabbing.png]
[premiumtemplatewebsite.com/template/avec/css/owl.carousel.css]
[premiumtemplatewebsite.com/template/avec/css/owl.theme.css]
[premiumtemplatewebsite.com/template/avec/css/jquery.kenburnsy.css]
[premiumtemplatewebsite.com/template/avec/css/jquery.wordrotator.min.css]
[premiumtemplatewebsite.com/template/avec/css/jquery.mCustomScrollbar.css]
[premiumtemplatewebsite.com/template/avec/fonts/glyphicons-halflings-regular.html]
[premiumtemplatewebsite.com/template/avec/fonts/glyphicons-halflings-regular.svg]
[premiumtemplatewebsite.com/template/avec/css/photo-swipe/default-skin/default-skin.svg]
[premiumtemplatewebsite.com/template/avec/css/AjaxLoader.html]
[premiumtemplatewebsite.com/template/avec/css/mCSB_buttons.html]
[premiumtemplatewebsite.com/template/avec/fonts/fontawesome-webfont93e3.svg]
[premiumtemplatewebsite.com/template/avec/fonts/Simple-Line-Icons.svg]
